// Jest Snapshot v1, https://goo.gl/fbAQLP

exports[`mixins custom mixins can be included 1`] = `":root{--colors--orchid:orchid;--space--md:1rem;}"`;

exports[`mixins custom mixins can be included 2`] = `":root{--colors--orchid:orchid;--space--md:1rem;}.sxqbi02{margin:0;min-width:0;box-sizing:border-box;}.sxqbi02::before, .sxqbi02::after{box-sizing:inherit;}.sxqbi02{box-shadow:0 25px 50px -12px var(--shadows-orchid);}}"`;

exports[`mixins individual mixins can be included and overridden 1`] = `":root{--colors--orchid:orchid;--space--md:1rem;}"`;

exports[`mixins individual mixins can be included and overridden 2`] = `":root{--colors--orchid:orchid;--space--md:1rem;}.sxoo2kt{margin:0;min-width:0;box-sizing:border-box;}.sxoo2kt::before, .sxoo2kt::after{box-sizing:inherit;}}.sxoo2kt{margin:var(--space-md);}"`;

exports[`mixins mixins can be nested 1`] = `":root{--colors--orchid:orchid;--space--md:1rem;}"`;

exports[`mixins mixins can be nested 2`] = `":root{--colors--orchid:orchid;--space--md:1rem;}.sxzbsve{margin:-1px;min-width:0;box-sizing:border-box;}.sxzbsve::before, .sxzbsve::after{box-sizing:inherit;}.sxzbsve{box-shadow:0 25px 50px -12px var(--shadows-orchid);position:absolute;width:1px;height:1px;padding:0;overflow:hidden;clip:rect(0, 0, 0, 0);white-space:nowrap;border-width:0;}}.sxzbsve:focus{position:static;width:auto;height:auto;padding:0;margin:0;overflow:visible;clip:auto;white-space:normal;}}"`;

exports[`mixins multiple mixins can be included and overridden 1`] = `":root{--colors--orchid:orchid;--space--md:1rem;}"`;

exports[`mixins multiple mixins can be included and overridden 2`] = `":root{--colors--orchid:orchid;--space--md:1rem;}.sxmg5o9{margin:0;min-width:0;box-sizing:border-box;}.sxmg5o9::before, .sxmg5o9::after{box-sizing:inherit;}.sxmg5o9{min-height:100vh;}@supports (-webkit-touch-callout: none){.sxmg5o9{min-height:-webkit-fill-available;}}}.sxmg5o9{margin:var(--space-md);}"`;
